// Jest Snapshot v1, https://goo.gl/fbAQLP

exports[`SupportedCryptos renders the component 1`] = `
<div class="wrapper">
  <listcrypto-stub></listcrypto-stub>
</div>
`;
